// Vitest Snapshot v1, https://vitest.dev/guide/snapshot.html

exports[`COMPONENT - SettingsPanel Header > renders correctly 1`] = `
.c0 {
  height: 6rem;
  width: 100%;
  display: flex;
  justify-content: space-between;
  align-items: center;
  padding: 0 1rem 0 2rem;
}

<div>
  <header
    class="c0"
  />
</div>
`;
