// Vitest Snapshot v1, https://vitest.dev/guide/snapshot.html

exports[`COMPONENT - Footer Link > renders correctly 1`] = `
.c0 {
  display: flex;
  height: 3.6rem;
  white-space: nowrap;
  align-items: center;
  text-decoration: none;
  font-size: 1.4rem;
  font-weight: 400;
  color: rgba(34,34,34,0.4);
  border-radius: 0.6rem;
  outline: 0;
  transition: all 150ms linear;
}

.c0:focus-visible {
  box-shadow: -0.4rem 0 0 0 #ffdcfa,0.4rem 0 0 0 #ffdcfa;
  background-color: #ffdcfa;
}

.c1 {
  margin: 0 0.4rem;
  cursor: pointer;
  height: 3rem;
  font-weight: 700;
  background-image: linear-gradient(180deg, undefined 50%, transparent 0);
  background-repeat: repeat-x;
  background-size: 2px 0.2rem;
  background-position: 0 2.2rem;
}

@media (max-width: 31.25em) {
  .c1 {
    color: rgba(34,34,34,0.4);
    background-image: linear-gradient(180deg, rgba(34,34,34,0.4) 50%, transparent 0);
  }
}

<div>
  <a
    class="c0 c1"
    target="_blank"
  />
</div>
`;
